Copyright 1986-2022 Xilinx, Inc. All Rights Reserved. Copyright 2022-2025 Advanced Micro Devices, Inc. All Rights Reserved.
---------------------------------------------------------------------------------------------------------------------------------------------
| Tool Version : Vivado v.2025.2 (win64) Build 6299465 Fri Nov 14 19:35:11 GMT 2025
| Date         : Fri Jan 30 16:11:13 2026
| Host         : LAPTOP-H7062M33 running 64-bit major release  (build 9200)
| Command      : report_control_sets -verbose -file system_wrapper_control_sets_placed.rpt
| Design       : system_wrapper
| Device       : xczu7ev
---------------------------------------------------------------------------------------------------------------------------------------------

Control Set Information

Table of Contents
-----------------
1. Summary
2. Histogram
3. Flip-Flop Distribution
4. Detailed Control Set Information

1. Summary
----------

+----------------------------------------------------------+-------+
|                          Status                          | Count |
+----------------------------------------------------------+-------+
| Total control sets                                       |   131 |
|    Minimum number of control sets                        |   131 |
|    Addition due to synthesis replication                 |     0 |
|    Addition due to physical synthesis replication        |     0 |
| Unused register locations in slices containing registers |    84 |
+----------------------------------------------------------+-------+
* Control sets can be merged at opt_design using control_set_merge or merge_equivalent_drivers
** Run report_qor_suggestions for automated merging and remapping suggestions


2. Histogram
------------

+--------------------+-------+
|       Fanout       | Count |
+--------------------+-------+
| Total control sets |   131 |
| >= 0 to < 4        |    26 |
| >= 4 to < 6        |    10 |
| >= 6 to < 8        |     3 |
| >= 8 to < 10       |    67 |
| >= 10 to < 12      |     4 |
| >= 12 to < 14      |     3 |
| >= 14 to < 16      |     0 |
| >= 16              |    18 |
+--------------------+-------+
* Control sets can be remapped at either synth_design or opt_design


3. Flip-Flop Distribution
-------------------------

+--------------+-----------------------+------------------------+-----------------+--------------+
| Clock Enable | Synchronous Set/Reset | Asynchronous Set/Reset | Total Registers | Total Slices |
+--------------+-----------------------+------------------------+-----------------+--------------+
| No           | No                    | No                     |             111 |           36 |
| No           | No                    | Yes                    |              27 |            9 |
| No           | Yes                   | No                     |              60 |           36 |
| Yes          | No                    | No                     |             276 |           80 |
| Yes          | No                    | Yes                    |               0 |            0 |
| Yes          | Yes                   | No                     |             890 |          178 |
+--------------+-----------------------+------------------------+-----------------+--------------+


4. Detailed Control Set Information
-----------------------------------

+------------------------------------------+--------------------------------------------------------------------------------------------------------------------------------------------------------------------+-------------------------------------------------------------------------------------------------------------------------------------------------------+------------------+----------------+--------------+
|               Clock Signal               |                                                                            Enable Signal                                                                           |                                                                    Set/Reset Signal                                                                   | Slice Load Count | Bel Load Count | Bels / Slice |
+------------------------------------------+--------------------------------------------------------------------------------------------------------------------------------------------------------------------+-------------------------------------------------------------------------------------------------------------------------------------------------------+------------------+----------------+--------------+
|  system_i/zynq_ultra_ps_e_0/inst/pl_clk0 |                                                                                                                                                                    | system_i/axi_smc/inst/s00_nodes/s00_ar_node/inst/s_sc_areset_pipe                                                                                     |                1 |              1 |         1.00 |
|  system_i/zynq_ultra_ps_e_0/inst/pl_clk0 |                                                                                                                                                                    | system_i/axi_smc/inst/s00_nodes/s00_aw_node/inst/s_sc_areset_pipe                                                                                     |                1 |              1 |         1.00 |
|  system_i/zynq_ultra_ps_e_0/inst/pl_clk0 |                                                                                                                                                                    | system_i/axi_smc/inst/s00_nodes/s00_b_node/inst/s_sc_areset_pipe                                                                                      |                1 |              1 |         1.00 |
|  system_i/zynq_ultra_ps_e_0/inst/pl_clk0 |                                                                                                                                                                    | system_i/axi_smc/inst/s00_nodes/s00_r_node/inst/s_sc_areset_pipe                                                                                      |                1 |              1 |         1.00 |
|  system_i/zynq_ultra_ps_e_0/inst/pl_clk0 |                                                                                                                                                                    | system_i/axi_smc/inst/s00_nodes/s00_w_node/inst/s_sc_areset_pipe                                                                                      |                1 |              1 |         1.00 |
|  system_i/zynq_ultra_ps_e_0/inst/pl_clk0 |                                                                                                                                                                    | system_i/axi_smc/inst/s00_entry_pipeline/s00_mmu/inst/areset_d                                                                                        |                1 |              2 |         2.00 |
|  system_i/zynq_ultra_ps_e_0/inst/pl_clk0 |                                                                                                                                                                    | system_i/axi_smc/inst/s00_entry_pipeline/s00_transaction_regulator/inst/areset                                                                        |                1 |              2 |         2.00 |
|  system_i/zynq_ultra_ps_e_0/inst/pl_clk0 | system_i/axi_smc/inst/s00_entry_pipeline/s00_si_converter/inst/gen_axilite_conv.axilite_conv_inst/s_axi_bresp_i[1]_i_2_n_0                                         | system_i/axi_smc/inst/s00_entry_pipeline/s00_si_converter/inst/gen_axilite_conv.axilite_conv_inst/s_axi_bresp_i[1]_i_1_n_0                            |                1 |              2 |         2.00 |
|  system_i/zynq_ultra_ps_e_0/inst/pl_clk0 |                                                                                                                                                                    | system_i/axi_smc/inst/s00_entry_pipeline/s00_transaction_regulator/inst/gen_endpoint.gen_w_singleorder.w_singleorder/gen_id_reg.aresetn_d_reg_n_0_[0] |                2 |              2 |         1.00 |
|  system_i/zynq_ultra_ps_e_0/inst/pl_clk0 |                                                                                                                                                                    | system_i/axi_smc/inst/s00_nodes/s00_ar_node/inst/inst_mi_handler/areset_r                                                                             |                1 |              2 |         2.00 |
|  system_i/zynq_ultra_ps_e_0/inst/pl_clk0 |                                                                                                                                                                    | system_i/axi_smc/inst/s00_nodes/s00_aw_node/inst/inst_mi_handler/areset_r                                                                             |                1 |              2 |         2.00 |
|  system_i/zynq_ultra_ps_e_0/inst/pl_clk0 |                                                                                                                                                                    | system_i/axi_smc/inst/s00_nodes/s00_b_node/inst/inst_mi_handler/areset_r                                                                              |                1 |              2 |         2.00 |
|  system_i/zynq_ultra_ps_e_0/inst/pl_clk0 |                                                                                                                                                                    | system_i/axi_smc/inst/s00_nodes/s00_r_node/inst/inst_mi_handler/areset_r                                                                              |                1 |              2 |         2.00 |
|  system_i/zynq_ultra_ps_e_0/inst/pl_clk0 |                                                                                                                                                                    | system_i/axi_smc/inst/s00_nodes/s00_w_node/inst/inst_mi_handler/areset_r                                                                              |                1 |              2 |         2.00 |
|  system_i/zynq_ultra_ps_e_0/inst/pl_clk0 | system_i/axi_smc/inst/s00_entry_pipeline/s00_si_converter/inst/gen_axilite_conv.axilite_conv_inst/r_state[0]                                                       | system_i/axi_smc/inst/s00_entry_pipeline/s00_si_converter/inst/areset                                                                                 |                2 |              2 |         1.00 |
|  system_i/zynq_ultra_ps_e_0/inst/pl_clk0 | system_i/axi_smc/inst/s00_entry_pipeline/s00_si_converter/inst/gen_axilite_conv.axilite_conv_inst/ar_start_addr_align[1]_i_1_n_0                                   | system_i/axi_smc/inst/s00_entry_pipeline/s00_si_converter/inst/areset                                                                                 |                2 |              2 |         1.00 |
|  system_i/zynq_ultra_ps_e_0/inst/pl_clk0 | system_i/axi_smc/inst/s00_entry_pipeline/s00_si_converter/inst/gen_axilite_conv.axilite_conv_inst/s_axi_rresp_i[1]_i_1_n_0                                         | system_i/axi_smc/inst/s00_entry_pipeline/s00_si_converter/inst/areset                                                                                 |                2 |              2 |         1.00 |
|  system_i/zynq_ultra_ps_e_0/inst/pl_clk0 |                                                                                                                                                                    | system_i/axi_smc/inst/m00_exit_pipeline/m00_exit/inst/exit_inst/gen_w_cmd_reg.aresetn_d_reg_n_0_[0]                                                   |                2 |              2 |         1.00 |
|  system_i/zynq_ultra_ps_e_0/inst/pl_clk0 |                                                                                                                                                                    | system_i/axi_smc/inst/m00_exit_pipeline/m00_exit/inst/areset                                                                                          |                1 |              2 |         2.00 |
|  system_i/zynq_ultra_ps_e_0/inst/pl_clk0 | system_i/my_neural_net_0/inst/my_neural_net_slave_lite_v1_0_S00_AXI_inst/FSM_sequential_state_read[1]_i_1_n_0                                                      | system_i/rst_ps8_0_100M/U0/peripheral_aresetn[0]                                                                                                      |                1 |              2 |         2.00 |
|  system_i/zynq_ultra_ps_e_0/inst/pl_clk0 | system_i/my_neural_net_0/inst/my_neural_net_slave_lite_v1_0_S00_AXI_inst/FSM_sequential_state_write[1]_i_1_n_0                                                     | system_i/rst_ps8_0_100M/U0/peripheral_aresetn[0]                                                                                                      |                1 |              2 |         2.00 |
|  system_i/zynq_ultra_ps_e_0/inst/pl_clk0 | system_i/axi_smc/inst/s00_entry_pipeline/s00_mmu/inst/aw_reg_stall/E[0]                                                                                            | system_i/axi_smc/inst/s00_entry_pipeline/s00_mmu/inst/areset                                                                                          |                1 |              2 |         2.00 |
|  system_i/zynq_ultra_ps_e_0/inst/pl_clk0 | system_i/axi_smc/inst/s00_entry_pipeline/s00_mmu/inst/aw_reg_stall/state                                                                                           | system_i/axi_smc/inst/s00_entry_pipeline/s00_mmu/inst/areset                                                                                          |                1 |              3 |         3.00 |
|  system_i/zynq_ultra_ps_e_0/inst/pl_clk0 | system_i/axi_smc/inst/s00_entry_pipeline/s00_mmu/inst/gen_endpoint.decerr_slave_inst/gen_axi.gen_write.write_cs[0]                                                 | system_i/axi_smc/inst/s00_entry_pipeline/s00_mmu/inst/areset                                                                                          |                1 |              3 |         3.00 |
|  system_i/zynq_ultra_ps_e_0/inst/pl_clk0 | system_i/axi_smc/inst/s00_entry_pipeline/s00_mmu/inst/ar_reg_stall/state                                                                                           | system_i/axi_smc/inst/s00_entry_pipeline/s00_mmu/inst/areset                                                                                          |                2 |              3 |         1.50 |
|  system_i/zynq_ultra_ps_e_0/inst/pl_clk0 | system_i/axi_smc/inst/s00_entry_pipeline/s00_si_converter/inst/gen_axilite_conv.axilite_conv_inst/w_state[0]                                                       | system_i/axi_smc/inst/s00_entry_pipeline/s00_si_converter/inst/areset                                                                                 |                2 |              3 |         1.50 |
|  system_i/zynq_ultra_ps_e_0/inst/pl_clk0 | system_i/axi_smc/inst/s00_nodes/s00_ar_node/inst/inst_mi_handler/gen_normal_area.inst_fifo_node_payld/gen_reg_fifo.inst_reg_fifo/gen_single_rank.data[152]_i_1_n_0 |                                                                                                                                                       |                1 |              4 |         4.00 |
|  system_i/zynq_ultra_ps_e_0/inst/pl_clk0 | system_i/axi_smc/inst/s00_entry_pipeline/s00_mmu/inst/ar_reg_stall/E[0]                                                                                            | system_i/axi_smc/inst/s00_entry_pipeline/s00_mmu/inst/areset                                                                                          |                2 |              4 |         2.00 |
|  system_i/zynq_ultra_ps_e_0/inst/pl_clk0 | system_i/axi_smc/inst/s00_nodes/s00_aw_node/inst/inst_mi_handler/gen_normal_area.inst_fifo_node_payld/gen_reg_fifo.inst_reg_fifo/gen_single_rank.data[152]_i_1_n_0 |                                                                                                                                                       |                1 |              4 |         4.00 |
|  system_i/zynq_ultra_ps_e_0/inst/pl_clk0 |                                                                                                                                                                    | system_i/axi_smc/inst/clk_map/psr_aclk/U0/EXT_LPF/lpf_int                                                                                             |                2 |              4 |         2.00 |
|  system_i/zynq_ultra_ps_e_0/inst/pl_clk0 | system_i/my_neural_net_0/inst/my_neural_net_slave_lite_v1_0_S00_AXI_inst/axi_awaddr[0]                                                                             | system_i/rst_ps8_0_100M/U0/peripheral_aresetn[0]                                                                                                      |                1 |              4 |         4.00 |
|  system_i/zynq_ultra_ps_e_0/inst/pl_clk0 | system_i/axi_smc/inst/s00_entry_pipeline/s00_si_converter/inst/gen_axilite_conv.axilite_conv_inst/s_r_pointer[3]_i_1_n_0                                           | system_i/axi_smc/inst/s00_entry_pipeline/s00_si_converter/inst/areset                                                                                 |                2 |              4 |         2.00 |
|  system_i/zynq_ultra_ps_e_0/inst/pl_clk0 | system_i/axi_smc/inst/s00_entry_pipeline/s00_si_converter/inst/gen_axilite_conv.axilite_conv_inst/w_pointer[3]_i_1_n_0                                             | system_i/axi_smc/inst/s00_entry_pipeline/s00_si_converter/inst/areset                                                                                 |                1 |              4 |         4.00 |
|  system_i/zynq_ultra_ps_e_0/inst/pl_clk0 | system_i/my_neural_net_0/inst/my_neural_net_slave_lite_v1_0_S00_AXI_inst/axi_araddr[5]_i_1_n_0                                                                     |                                                                                                                                                       |                1 |              4 |         4.00 |
|  system_i/zynq_ultra_ps_e_0/inst/pl_clk0 |                                                                                                                                                                    | system_i/rst_ps8_0_100M/U0/EXT_LPF/lpf_int                                                                                                            |                2 |              4 |         2.00 |
|  system_i/zynq_ultra_ps_e_0/inst/pl_clk0 |                                                                                                                                                                    | system_i/rst_ps8_0_100M/U0/peripheral_aresetn[0]                                                                                                      |                2 |              5 |         2.50 |
|  system_i/zynq_ultra_ps_e_0/inst/pl_clk0 | system_i/axi_smc/inst/s00_entry_pipeline/s00_si_converter/inst/gen_axilite_conv.axilite_conv_inst/aw_incr[0]                                                       | system_i/axi_smc/inst/s00_entry_pipeline/s00_si_converter/inst/areset                                                                                 |                2 |              6 |         3.00 |
|  system_i/zynq_ultra_ps_e_0/inst/pl_clk0 | system_i/rst_ps8_0_100M/U0/SEQ/seq_cnt_en                                                                                                                          | system_i/rst_ps8_0_100M/U0/SEQ/seq_clr                                                                                                                |                1 |              6 |         6.00 |
|  system_i/zynq_ultra_ps_e_0/inst/pl_clk0 | system_i/axi_smc/inst/clk_map/psr_aclk/U0/SEQ/seq_cnt_en                                                                                                           | system_i/axi_smc/inst/clk_map/psr_aclk/U0/SEQ/seq_clr                                                                                                 |                2 |              6 |         3.00 |
|  system_i/zynq_ultra_ps_e_0/inst/pl_clk0 | system_i/my_neural_net_0/inst/my_neural_net_slave_lite_v1_0_S00_AXI_inst/slv_reg14[7]_i_1_n_0                                                                      | system_i/rst_ps8_0_100M/U0/peripheral_aresetn[0]                                                                                                      |                4 |              8 |         2.00 |
|  system_i/zynq_ultra_ps_e_0/inst/pl_clk0 | system_i/my_neural_net_0/inst/my_neural_net_slave_lite_v1_0_S00_AXI_inst/slv_reg9[31]_i_1_n_0                                                                      | system_i/rst_ps8_0_100M/U0/peripheral_aresetn[0]                                                                                                      |                4 |              8 |         2.00 |
|  system_i/zynq_ultra_ps_e_0/inst/pl_clk0 | system_i/my_neural_net_0/inst/my_neural_net_slave_lite_v1_0_S00_AXI_inst/p_1_in[15]                                                                                | system_i/rst_ps8_0_100M/U0/peripheral_aresetn[0]                                                                                                      |                4 |              8 |         2.00 |
|  system_i/zynq_ultra_ps_e_0/inst/pl_clk0 | system_i/my_neural_net_0/inst/my_neural_net_slave_lite_v1_0_S00_AXI_inst/p_1_in[23]                                                                                | system_i/rst_ps8_0_100M/U0/peripheral_aresetn[0]                                                                                                      |                3 |              8 |         2.67 |
|  system_i/zynq_ultra_ps_e_0/inst/pl_clk0 | system_i/axi_smc/inst/s00_entry_pipeline/s00_mmu/inst/gen_endpoint.decerr_slave_inst/gen_axi.gen_read.read_cnt[7]_i_1_n_0                                          | system_i/axi_smc/inst/s00_entry_pipeline/s00_mmu/inst/areset                                                                                          |                2 |              8 |         4.00 |
|  system_i/zynq_ultra_ps_e_0/inst/pl_clk0 | system_i/my_neural_net_0/inst/my_neural_net_slave_lite_v1_0_S00_AXI_inst/p_1_in[7]                                                                                 | system_i/rst_ps8_0_100M/U0/peripheral_aresetn[0]                                                                                                      |                2 |              8 |         4.00 |
|  system_i/zynq_ultra_ps_e_0/inst/pl_clk0 | system_i/my_neural_net_0/inst/my_neural_net_slave_lite_v1_0_S00_AXI_inst/p_1_in[31]                                                                                | system_i/rst_ps8_0_100M/U0/peripheral_aresetn[0]                                                                                                      |                1 |              8 |         8.00 |
|  system_i/zynq_ultra_ps_e_0/inst/pl_clk0 | system_i/my_neural_net_0/inst/my_neural_net_slave_lite_v1_0_S00_AXI_inst/slv_reg1[7]_i_1_n_0                                                                       | system_i/rst_ps8_0_100M/U0/peripheral_aresetn[0]                                                                                                      |                4 |              8 |         2.00 |
|  system_i/zynq_ultra_ps_e_0/inst/pl_clk0 | system_i/axi_smc/inst/s00_entry_pipeline/s00_si_converter/inst/gen_axilite_conv.axilite_conv_inst/r_beats[7]_i_1_n_0                                               | system_i/axi_smc/inst/s00_entry_pipeline/s00_si_converter/inst/areset                                                                                 |                3 |              8 |         2.67 |
|  system_i/zynq_ultra_ps_e_0/inst/pl_clk0 | system_i/my_neural_net_0/inst/my_neural_net_slave_lite_v1_0_S00_AXI_inst/slv_reg10[15]_i_1_n_0                                                                     | system_i/rst_ps8_0_100M/U0/peripheral_aresetn[0]                                                                                                      |                4 |              8 |         2.00 |
|  system_i/zynq_ultra_ps_e_0/inst/pl_clk0 | system_i/my_neural_net_0/inst/my_neural_net_slave_lite_v1_0_S00_AXI_inst/slv_reg2[31]_i_1_n_0                                                                      | system_i/rst_ps8_0_100M/U0/peripheral_aresetn[0]                                                                                                      |                1 |              8 |         8.00 |
|  system_i/zynq_ultra_ps_e_0/inst/pl_clk0 | system_i/my_neural_net_0/inst/my_neural_net_slave_lite_v1_0_S00_AXI_inst/slv_reg6[15]_i_1_n_0                                                                      | system_i/rst_ps8_0_100M/U0/peripheral_aresetn[0]                                                                                                      |                6 |              8 |         1.33 |
|  system_i/zynq_ultra_ps_e_0/inst/pl_clk0 | system_i/my_neural_net_0/inst/my_neural_net_slave_lite_v1_0_S00_AXI_inst/slv_reg11[15]_i_1_n_0                                                                     | system_i/rst_ps8_0_100M/U0/peripheral_aresetn[0]                                                                                                      |                1 |              8 |         8.00 |
|  system_i/zynq_ultra_ps_e_0/inst/pl_clk0 | system_i/axi_smc/inst/s00_entry_pipeline/s00_si_converter/inst/gen_axilite_conv.axilite_conv_inst/narrow_beats[0]                                                  | system_i/axi_smc/inst/s00_entry_pipeline/s00_si_converter/inst/areset                                                                                 |                1 |              8 |         8.00 |
|  system_i/zynq_ultra_ps_e_0/inst/pl_clk0 | system_i/my_neural_net_0/inst/my_neural_net_slave_lite_v1_0_S00_AXI_inst/slv_reg6[7]_i_1_n_0                                                                       | system_i/rst_ps8_0_100M/U0/peripheral_aresetn[0]                                                                                                      |                5 |              8 |         1.60 |
|  system_i/zynq_ultra_ps_e_0/inst/pl_clk0 | system_i/my_neural_net_0/inst/my_neural_net_slave_lite_v1_0_S00_AXI_inst/slv_reg12[15]_i_1_n_0                                                                     | system_i/rst_ps8_0_100M/U0/peripheral_aresetn[0]                                                                                                      |                1 |              8 |         8.00 |
|  system_i/zynq_ultra_ps_e_0/inst/pl_clk0 | system_i/my_neural_net_0/inst/my_neural_net_slave_lite_v1_0_S00_AXI_inst/slv_reg12[7]_i_1_n_0                                                                      | system_i/rst_ps8_0_100M/U0/peripheral_aresetn[0]                                                                                                      |                4 |              8 |         2.00 |
|  system_i/zynq_ultra_ps_e_0/inst/pl_clk0 | system_i/my_neural_net_0/inst/my_neural_net_slave_lite_v1_0_S00_AXI_inst/slv_reg13[23]_i_1_n_0                                                                     | system_i/rst_ps8_0_100M/U0/peripheral_aresetn[0]                                                                                                      |                2 |              8 |         4.00 |
|  system_i/zynq_ultra_ps_e_0/inst/pl_clk0 | system_i/my_neural_net_0/inst/my_neural_net_slave_lite_v1_0_S00_AXI_inst/slv_reg14[23]_i_1_n_0                                                                     | system_i/rst_ps8_0_100M/U0/peripheral_aresetn[0]                                                                                                      |                2 |              8 |         4.00 |
|  system_i/zynq_ultra_ps_e_0/inst/pl_clk0 | system_i/my_neural_net_0/inst/my_neural_net_slave_lite_v1_0_S00_AXI_inst/slv_reg12[31]_i_1_n_0                                                                     | system_i/rst_ps8_0_100M/U0/peripheral_aresetn[0]                                                                                                      |                6 |              8 |         1.33 |
|  system_i/zynq_ultra_ps_e_0/inst/pl_clk0 | system_i/my_neural_net_0/inst/my_neural_net_slave_lite_v1_0_S00_AXI_inst/slv_reg14[31]_i_1_n_0                                                                     | system_i/rst_ps8_0_100M/U0/peripheral_aresetn[0]                                                                                                      |                1 |              8 |         8.00 |
|  system_i/zynq_ultra_ps_e_0/inst/pl_clk0 | system_i/my_neural_net_0/inst/my_neural_net_slave_lite_v1_0_S00_AXI_inst/slv_reg15[15]_i_1_n_0                                                                     | system_i/rst_ps8_0_100M/U0/peripheral_aresetn[0]                                                                                                      |                1 |              8 |         8.00 |
|  system_i/zynq_ultra_ps_e_0/inst/pl_clk0 | system_i/my_neural_net_0/inst/my_neural_net_slave_lite_v1_0_S00_AXI_inst/slv_reg15[23]_i_1_n_0                                                                     | system_i/rst_ps8_0_100M/U0/peripheral_aresetn[0]                                                                                                      |                1 |              8 |         8.00 |
|  system_i/zynq_ultra_ps_e_0/inst/pl_clk0 | system_i/my_neural_net_0/inst/my_neural_net_slave_lite_v1_0_S00_AXI_inst/slv_reg15[7]_i_1_n_0                                                                      | system_i/rst_ps8_0_100M/U0/peripheral_aresetn[0]                                                                                                      |                2 |              8 |         4.00 |
|  system_i/zynq_ultra_ps_e_0/inst/pl_clk0 | system_i/my_neural_net_0/inst/my_neural_net_slave_lite_v1_0_S00_AXI_inst/slv_reg1[15]_i_1_n_0                                                                      | system_i/rst_ps8_0_100M/U0/peripheral_aresetn[0]                                                                                                      |                1 |              8 |         8.00 |
|  system_i/zynq_ultra_ps_e_0/inst/pl_clk0 | system_i/my_neural_net_0/inst/my_neural_net_slave_lite_v1_0_S00_AXI_inst/slv_reg1[23]_i_1_n_0                                                                      | system_i/rst_ps8_0_100M/U0/peripheral_aresetn[0]                                                                                                      |                6 |              8 |         1.33 |
|  system_i/zynq_ultra_ps_e_0/inst/pl_clk0 | system_i/my_neural_net_0/inst/my_neural_net_slave_lite_v1_0_S00_AXI_inst/slv_reg1[31]_i_1_n_0                                                                      | system_i/rst_ps8_0_100M/U0/peripheral_aresetn[0]                                                                                                      |                2 |              8 |         4.00 |
|  system_i/zynq_ultra_ps_e_0/inst/pl_clk0 | system_i/my_neural_net_0/inst/my_neural_net_slave_lite_v1_0_S00_AXI_inst/slv_reg14[15]_i_1_n_0                                                                     | system_i/rst_ps8_0_100M/U0/peripheral_aresetn[0]                                                                                                      |                4 |              8 |         2.00 |
|  system_i/zynq_ultra_ps_e_0/inst/pl_clk0 | system_i/my_neural_net_0/inst/my_neural_net_slave_lite_v1_0_S00_AXI_inst/slv_reg15[31]_i_1_n_0                                                                     | system_i/rst_ps8_0_100M/U0/peripheral_aresetn[0]                                                                                                      |                2 |              8 |         4.00 |
|  system_i/zynq_ultra_ps_e_0/inst/pl_clk0 | system_i/my_neural_net_0/inst/my_neural_net_slave_lite_v1_0_S00_AXI_inst/slv_reg2[15]_i_1_n_0                                                                      | system_i/rst_ps8_0_100M/U0/peripheral_aresetn[0]                                                                                                      |                3 |              8 |         2.67 |
|  system_i/zynq_ultra_ps_e_0/inst/pl_clk0 | system_i/my_neural_net_0/inst/my_neural_net_slave_lite_v1_0_S00_AXI_inst/slv_reg11[23]_i_1_n_0                                                                     | system_i/rst_ps8_0_100M/U0/peripheral_aresetn[0]                                                                                                      |                2 |              8 |         4.00 |
|  system_i/zynq_ultra_ps_e_0/inst/pl_clk0 | system_i/my_neural_net_0/inst/my_neural_net_slave_lite_v1_0_S00_AXI_inst/slv_reg11[7]_i_1_n_0                                                                      | system_i/rst_ps8_0_100M/U0/peripheral_aresetn[0]                                                                                                      |                2 |              8 |         4.00 |
|  system_i/zynq_ultra_ps_e_0/inst/pl_clk0 | system_i/my_neural_net_0/inst/my_neural_net_slave_lite_v1_0_S00_AXI_inst/slv_reg13[15]_i_1_n_0                                                                     | system_i/rst_ps8_0_100M/U0/peripheral_aresetn[0]                                                                                                      |                1 |              8 |         8.00 |
|  system_i/zynq_ultra_ps_e_0/inst/pl_clk0 | system_i/my_neural_net_0/inst/my_neural_net_slave_lite_v1_0_S00_AXI_inst/slv_reg12[23]_i_1_n_0                                                                     | system_i/rst_ps8_0_100M/U0/peripheral_aresetn[0]                                                                                                      |                1 |              8 |         8.00 |
|  system_i/zynq_ultra_ps_e_0/inst/pl_clk0 | system_i/my_neural_net_0/inst/my_neural_net_slave_lite_v1_0_S00_AXI_inst/slv_reg13[31]_i_1_n_0                                                                     | system_i/rst_ps8_0_100M/U0/peripheral_aresetn[0]                                                                                                      |                3 |              8 |         2.67 |
|  system_i/zynq_ultra_ps_e_0/inst/pl_clk0 | system_i/my_neural_net_0/inst/my_neural_net_slave_lite_v1_0_S00_AXI_inst/slv_reg10[31]_i_1_n_0                                                                     | system_i/rst_ps8_0_100M/U0/peripheral_aresetn[0]                                                                                                      |                4 |              8 |         2.00 |
|  system_i/zynq_ultra_ps_e_0/inst/pl_clk0 | system_i/my_neural_net_0/inst/my_neural_net_slave_lite_v1_0_S00_AXI_inst/slv_reg10[7]_i_1_n_0                                                                      | system_i/rst_ps8_0_100M/U0/peripheral_aresetn[0]                                                                                                      |                6 |              8 |         1.33 |
|  system_i/zynq_ultra_ps_e_0/inst/pl_clk0 | system_i/my_neural_net_0/inst/my_neural_net_slave_lite_v1_0_S00_AXI_inst/slv_reg11[31]_i_1_n_0                                                                     | system_i/rst_ps8_0_100M/U0/peripheral_aresetn[0]                                                                                                      |                3 |              8 |         2.67 |
|  system_i/zynq_ultra_ps_e_0/inst/pl_clk0 | system_i/my_neural_net_0/inst/my_neural_net_slave_lite_v1_0_S00_AXI_inst/slv_reg7[23]_i_1_n_0                                                                      | system_i/rst_ps8_0_100M/U0/peripheral_aresetn[0]                                                                                                      |                5 |              8 |         1.60 |
|  system_i/zynq_ultra_ps_e_0/inst/pl_clk0 | system_i/my_neural_net_0/inst/my_neural_net_slave_lite_v1_0_S00_AXI_inst/slv_reg7[15]_i_1_n_0                                                                      | system_i/rst_ps8_0_100M/U0/peripheral_aresetn[0]                                                                                                      |                5 |              8 |         1.60 |
|  system_i/zynq_ultra_ps_e_0/inst/pl_clk0 | system_i/my_neural_net_0/inst/my_neural_net_slave_lite_v1_0_S00_AXI_inst/slv_reg3[23]_i_1_n_0                                                                      | system_i/rst_ps8_0_100M/U0/peripheral_aresetn[0]                                                                                                      |                5 |              8 |         1.60 |
|  system_i/zynq_ultra_ps_e_0/inst/pl_clk0 | system_i/my_neural_net_0/inst/my_neural_net_slave_lite_v1_0_S00_AXI_inst/slv_reg9[7]_i_1_n_0                                                                       | system_i/rst_ps8_0_100M/U0/peripheral_aresetn[0]                                                                                                      |                1 |              8 |         8.00 |
|  system_i/zynq_ultra_ps_e_0/inst/pl_clk0 | system_i/my_neural_net_0/inst/my_neural_net_slave_lite_v1_0_S00_AXI_inst/slv_reg5[23]_i_1_n_0                                                                      | system_i/rst_ps8_0_100M/U0/peripheral_aresetn[0]                                                                                                      |                4 |              8 |         2.00 |
|  system_i/zynq_ultra_ps_e_0/inst/pl_clk0 | system_i/my_neural_net_0/inst/my_neural_net_slave_lite_v1_0_S00_AXI_inst/slv_reg2[7]_i_1_n_0                                                                       | system_i/rst_ps8_0_100M/U0/peripheral_aresetn[0]                                                                                                      |                2 |              8 |         4.00 |
|  system_i/zynq_ultra_ps_e_0/inst/pl_clk0 | system_i/my_neural_net_0/inst/my_neural_net_slave_lite_v1_0_S00_AXI_inst/slv_reg13[7]_i_1_n_0                                                                      | system_i/rst_ps8_0_100M/U0/peripheral_aresetn[0]                                                                                                      |                1 |              8 |         8.00 |
|  system_i/zynq_ultra_ps_e_0/inst/pl_clk0 | system_i/my_neural_net_0/inst/my_neural_net_slave_lite_v1_0_S00_AXI_inst/slv_reg5[15]_i_1_n_0                                                                      | system_i/rst_ps8_0_100M/U0/peripheral_aresetn[0]                                                                                                      |                5 |              8 |         1.60 |
|  system_i/zynq_ultra_ps_e_0/inst/pl_clk0 | system_i/my_neural_net_0/inst/my_neural_net_slave_lite_v1_0_S00_AXI_inst/slv_reg8[7]_i_1_n_0                                                                       | system_i/rst_ps8_0_100M/U0/peripheral_aresetn[0]                                                                                                      |                2 |              8 |         4.00 |
|  system_i/zynq_ultra_ps_e_0/inst/pl_clk0 | system_i/my_neural_net_0/inst/my_neural_net_slave_lite_v1_0_S00_AXI_inst/slv_reg5[7]_i_1_n_0                                                                       | system_i/rst_ps8_0_100M/U0/peripheral_aresetn[0]                                                                                                      |                1 |              8 |         8.00 |
|  system_i/zynq_ultra_ps_e_0/inst/pl_clk0 | system_i/my_neural_net_0/inst/my_neural_net_slave_lite_v1_0_S00_AXI_inst/slv_reg6[23]_i_1_n_0                                                                      | system_i/rst_ps8_0_100M/U0/peripheral_aresetn[0]                                                                                                      |                4 |              8 |         2.00 |
|  system_i/zynq_ultra_ps_e_0/inst/pl_clk0 | system_i/my_neural_net_0/inst/my_neural_net_slave_lite_v1_0_S00_AXI_inst/slv_reg6[31]_i_1_n_0                                                                      | system_i/rst_ps8_0_100M/U0/peripheral_aresetn[0]                                                                                                      |                2 |              8 |         4.00 |
|  system_i/zynq_ultra_ps_e_0/inst/pl_clk0 | system_i/my_neural_net_0/inst/my_neural_net_slave_lite_v1_0_S00_AXI_inst/slv_reg9[23]_i_1_n_0                                                                      | system_i/rst_ps8_0_100M/U0/peripheral_aresetn[0]                                                                                                      |                2 |              8 |         4.00 |
|  system_i/zynq_ultra_ps_e_0/inst/pl_clk0 | system_i/my_neural_net_0/inst/my_neural_net_slave_lite_v1_0_S00_AXI_inst/slv_reg8[15]_i_1_n_0                                                                      | system_i/rst_ps8_0_100M/U0/peripheral_aresetn[0]                                                                                                      |                4 |              8 |         2.00 |
|  system_i/zynq_ultra_ps_e_0/inst/pl_clk0 | system_i/my_neural_net_0/inst/my_neural_net_slave_lite_v1_0_S00_AXI_inst/slv_reg9[15]_i_1_n_0                                                                      | system_i/rst_ps8_0_100M/U0/peripheral_aresetn[0]                                                                                                      |                3 |              8 |         2.67 |
|  system_i/zynq_ultra_ps_e_0/inst/pl_clk0 | system_i/my_neural_net_0/inst/my_neural_net_slave_lite_v1_0_S00_AXI_inst/slv_reg4[31]_i_1_n_0                                                                      | system_i/rst_ps8_0_100M/U0/peripheral_aresetn[0]                                                                                                      |                2 |              8 |         4.00 |
|  system_i/zynq_ultra_ps_e_0/inst/pl_clk0 | system_i/my_neural_net_0/inst/my_neural_net_slave_lite_v1_0_S00_AXI_inst/slv_reg4[7]_i_1_n_0                                                                       | system_i/rst_ps8_0_100M/U0/peripheral_aresetn[0]                                                                                                      |                4 |              8 |         2.00 |
|  system_i/zynq_ultra_ps_e_0/inst/pl_clk0 | system_i/my_neural_net_0/inst/my_neural_net_slave_lite_v1_0_S00_AXI_inst/slv_reg3[7]_i_1_n_0                                                                       | system_i/rst_ps8_0_100M/U0/peripheral_aresetn[0]                                                                                                      |                5 |              8 |         1.60 |
|  system_i/zynq_ultra_ps_e_0/inst/pl_clk0 | system_i/my_neural_net_0/inst/my_neural_net_slave_lite_v1_0_S00_AXI_inst/slv_reg7[7]_i_1_n_0                                                                       | system_i/rst_ps8_0_100M/U0/peripheral_aresetn[0]                                                                                                      |                2 |              8 |         4.00 |
|  system_i/zynq_ultra_ps_e_0/inst/pl_clk0 | system_i/my_neural_net_0/inst/my_neural_net_slave_lite_v1_0_S00_AXI_inst/slv_reg4[15]_i_1_n_0                                                                      | system_i/rst_ps8_0_100M/U0/peripheral_aresetn[0]                                                                                                      |                5 |              8 |         1.60 |
|  system_i/zynq_ultra_ps_e_0/inst/pl_clk0 | system_i/my_neural_net_0/inst/my_neural_net_slave_lite_v1_0_S00_AXI_inst/slv_reg5[31]_i_1_n_0                                                                      | system_i/rst_ps8_0_100M/U0/peripheral_aresetn[0]                                                                                                      |                4 |              8 |         2.00 |
|  system_i/zynq_ultra_ps_e_0/inst/pl_clk0 | system_i/my_neural_net_0/inst/my_neural_net_slave_lite_v1_0_S00_AXI_inst/slv_reg10[23]_i_1_n_0                                                                     | system_i/rst_ps8_0_100M/U0/peripheral_aresetn[0]                                                                                                      |                1 |              8 |         8.00 |
|  system_i/zynq_ultra_ps_e_0/inst/pl_clk0 | system_i/my_neural_net_0/inst/my_neural_net_slave_lite_v1_0_S00_AXI_inst/slv_reg3[15]_i_1_n_0                                                                      | system_i/rst_ps8_0_100M/U0/peripheral_aresetn[0]                                                                                                      |                2 |              8 |         4.00 |
|  system_i/zynq_ultra_ps_e_0/inst/pl_clk0 | system_i/my_neural_net_0/inst/my_neural_net_slave_lite_v1_0_S00_AXI_inst/slv_reg7[31]_i_1_n_0                                                                      | system_i/rst_ps8_0_100M/U0/peripheral_aresetn[0]                                                                                                      |                4 |              8 |         2.00 |
|  system_i/zynq_ultra_ps_e_0/inst/pl_clk0 | system_i/my_neural_net_0/inst/my_neural_net_slave_lite_v1_0_S00_AXI_inst/slv_reg8[23]_i_1_n_0                                                                      | system_i/rst_ps8_0_100M/U0/peripheral_aresetn[0]                                                                                                      |                2 |              8 |         4.00 |
|  system_i/zynq_ultra_ps_e_0/inst/pl_clk0 | system_i/my_neural_net_0/inst/my_neural_net_slave_lite_v1_0_S00_AXI_inst/slv_reg3[31]_i_1_n_0                                                                      | system_i/rst_ps8_0_100M/U0/peripheral_aresetn[0]                                                                                                      |                1 |              8 |         8.00 |
|  system_i/zynq_ultra_ps_e_0/inst/pl_clk0 | system_i/my_neural_net_0/inst/my_neural_net_slave_lite_v1_0_S00_AXI_inst/slv_reg4[23]_i_1_n_0                                                                      | system_i/rst_ps8_0_100M/U0/peripheral_aresetn[0]                                                                                                      |                1 |              8 |         8.00 |
|  system_i/zynq_ultra_ps_e_0/inst/pl_clk0 | system_i/my_neural_net_0/inst/my_neural_net_slave_lite_v1_0_S00_AXI_inst/slv_reg8[31]_i_1_n_0                                                                      | system_i/rst_ps8_0_100M/U0/peripheral_aresetn[0]                                                                                                      |                1 |              8 |         8.00 |
|  system_i/zynq_ultra_ps_e_0/inst/pl_clk0 | system_i/my_neural_net_0/inst/my_neural_net_slave_lite_v1_0_S00_AXI_inst/slv_reg2[23]_i_1_n_0                                                                      | system_i/rst_ps8_0_100M/U0/peripheral_aresetn[0]                                                                                                      |                3 |              8 |         2.67 |
|  system_i/zynq_ultra_ps_e_0/inst/pl_clk0 |                                                                                                                                                                    | system_i/axi_smc/inst/s00_entry_pipeline/s00_mmu/inst/areset                                                                                          |                8 |             10 |         1.25 |
|  system_i/zynq_ultra_ps_e_0/inst/pl_clk0 | system_i/axi_smc/inst/s00_entry_pipeline/s00_si_converter/inst/gen_axilite_conv.axilite_conv_inst/ar_cnt[9]_i_1_n_0                                                | system_i/axi_smc/inst/s00_entry_pipeline/s00_si_converter/inst/areset                                                                                 |                3 |             10 |         3.33 |
|  system_i/zynq_ultra_ps_e_0/inst/pl_clk0 | system_i/axi_smc/inst/s00_entry_pipeline/s00_si_converter/inst/gen_axilite_conv.axilite_conv_inst/w_cnt[10]_i_1_n_0                                                | system_i/axi_smc/inst/s00_entry_pipeline/s00_si_converter/inst/areset                                                                                 |                3 |             11 |         3.67 |
|  system_i/zynq_ultra_ps_e_0/inst/pl_clk0 | system_i/axi_smc/inst/s00_entry_pipeline/s00_si_converter/inst/gen_axilite_conv.axilite_conv_inst/s_buser[0]                                                       | system_i/axi_smc/inst/s00_entry_pipeline/s00_si_converter/inst/gen_axilite_conv.axilite_conv_inst/b_cnt[10]_i_1_n_0                                   |                3 |             11 |         3.67 |
|  system_i/zynq_ultra_ps_e_0/inst/pl_clk0 |                                                                                                                                                                    | system_i/axi_smc/inst/s00_entry_pipeline/s00_si_converter/inst/areset                                                                                 |                7 |             12 |         1.71 |
|  system_i/zynq_ultra_ps_e_0/inst/pl_clk0 | system_i/axi_smc/inst/s00_entry_pipeline/s00_si_converter/inst/gen_axilite_conv.axilite_conv_inst/aw_addr[5]_i_1_n_0                                               | system_i/axi_smc/inst/s00_entry_pipeline/s00_si_converter/inst/areset                                                                                 |                6 |             12 |         2.00 |
|  system_i/zynq_ultra_ps_e_0/inst/pl_clk0 | system_i/axi_smc/inst/s00_entry_pipeline/s00_si_converter/inst/gen_axilite_conv.axilite_conv_inst/ar_addr_d[5]_i_1_n_0                                             | system_i/axi_smc/inst/s00_entry_pipeline/s00_si_converter/inst/areset                                                                                 |                7 |             12 |         1.71 |
|  system_i/zynq_ultra_ps_e_0/inst/pl_clk0 | system_i/axi_smc/inst/s00_entry_pipeline/s00_mmu/inst/gen_endpoint.decerr_slave_inst/gen_axi.gen_write.s_axi_bid_i[15]_i_1_n_0                                     | system_i/axi_smc/inst/s00_entry_pipeline/s00_mmu/inst/areset                                                                                          |                4 |             16 |         4.00 |
|  system_i/zynq_ultra_ps_e_0/inst/pl_clk0 | system_i/axi_smc/inst/s00_entry_pipeline/s00_mmu/inst/gen_endpoint.decerr_slave_inst/gen_axi.gen_read.s_axi_rid_i[15]_i_1_n_0                                      | system_i/axi_smc/inst/s00_entry_pipeline/s00_mmu/inst/areset                                                                                          |                3 |             16 |         5.33 |
|  system_i/zynq_ultra_ps_e_0/inst/pl_clk0 | system_i/axi_smc/inst/s00_entry_pipeline/s00_transaction_regulator/inst/gen_endpoint.gen_r_singleorder.r_singleorder/gen_id_reg.s_rid_i0                           |                                                                                                                                                       |                3 |             16 |         5.33 |
|  system_i/zynq_ultra_ps_e_0/inst/pl_clk0 | system_i/axi_smc/inst/s00_entry_pipeline/s00_transaction_regulator/inst/gen_endpoint.gen_w_singleorder.w_singleorder/gen_id_reg.s_rid_i0                           |                                                                                                                                                       |                4 |             16 |         4.00 |
|  system_i/zynq_ultra_ps_e_0/inst/pl_clk0 | system_i/axi_smc/inst/s00_entry_pipeline/s00_si_converter/inst/gen_axilite_conv.axilite_conv_inst/m_r_pointer[1]_i_1_n_0                                           | system_i/axi_smc/inst/s00_entry_pipeline/s00_si_converter/inst/areset                                                                                 |                8 |             23 |         2.88 |
|  system_i/zynq_ultra_ps_e_0/inst/pl_clk0 |                                                                                                                                                                    | system_i/axi_smc/inst/clk_map/psr_aclk/U0/interconnect_aresetn[0]                                                                                     |                9 |             27 |         3.00 |
|  system_i/zynq_ultra_ps_e_0/inst/pl_clk0 | system_i/axi_smc/inst/s00_nodes/s00_r_node/inst/inst_mi_handler/gen_normal_area.inst_fifo_node_payld/gen_reg_fifo.inst_reg_fifo/gen_single_rank.data[50]_i_1_n_0   |                                                                                                                                                       |               32 |             32 |         1.00 |
|  system_i/zynq_ultra_ps_e_0/inst/pl_clk0 | system_i/axi_smc/inst/s00_entry_pipeline/s00_si_converter/inst/gen_axilite_conv.axilite_conv_inst/s_axi_rdata_i[31]_i_1_n_0                                        | system_i/axi_smc/inst/s00_entry_pipeline/s00_si_converter/inst/areset                                                                                 |               11 |             32 |         2.91 |
|  system_i/zynq_ultra_ps_e_0/inst/pl_clk0 | system_i/axi_smc/inst/s00_entry_pipeline/s00_si_converter/inst/gen_axilite_conv.axilite_conv_inst/s_axi_rdata_i[63]_i_1_n_0                                        | system_i/axi_smc/inst/s00_entry_pipeline/s00_si_converter/inst/areset                                                                                 |               10 |             32 |         3.20 |
|  system_i/zynq_ultra_ps_e_0/inst/pl_clk0 | system_i/axi_smc/inst/s00_entry_pipeline/s00_si_converter/inst/gen_axilite_conv.axilite_conv_inst/s_axi_rdata_i[127]_i_1_n_0                                       | system_i/axi_smc/inst/s00_entry_pipeline/s00_si_converter/inst/areset                                                                                 |               11 |             32 |         2.91 |
|  system_i/zynq_ultra_ps_e_0/inst/pl_clk0 | system_i/axi_smc/inst/s00_entry_pipeline/s00_si_converter/inst/gen_axilite_conv.axilite_conv_inst/s_axi_rdata_i[95]_i_1_n_0                                        | system_i/axi_smc/inst/s00_entry_pipeline/s00_si_converter/inst/areset                                                                                 |               10 |             32 |         3.20 |
|  system_i/zynq_ultra_ps_e_0/inst/pl_clk0 | system_i/axi_smc/inst/s00_nodes/s00_w_node/inst/inst_mi_handler/gen_normal_area.inst_fifo_node_payld/gen_reg_fifo.inst_reg_fifo/gen_single_rank.data[51]_i_1_n_0   |                                                                                                                                                       |               20 |             36 |         1.80 |
|  system_i/zynq_ultra_ps_e_0/inst/pl_clk0 | system_i/axi_smc/inst/s00_entry_pipeline/s00_mmu/inst/aw_reg_stall/m_vector_i[0]                                                                                   |                                                                                                                                                       |               11 |             41 |         3.73 |
|  system_i/zynq_ultra_ps_e_0/inst/pl_clk0 | system_i/axi_smc/inst/s00_entry_pipeline/s00_mmu/inst/ar_reg_stall/skid_buffer[1136]_i_1_n_0                                                                       |                                                                                                                                                       |                9 |             41 |         4.56 |
|  system_i/zynq_ultra_ps_e_0/inst/pl_clk0 | system_i/axi_smc/inst/s00_entry_pipeline/s00_mmu/inst/ar_reg_stall/m_vector_i[0]                                                                                   |                                                                                                                                                       |                9 |             41 |         4.56 |
|  system_i/zynq_ultra_ps_e_0/inst/pl_clk0 | system_i/axi_smc/inst/s00_entry_pipeline/s00_mmu/inst/aw_reg_stall/skid_buffer[1136]_i_1__0_n_0                                                                    |                                                                                                                                                       |               11 |             41 |         3.73 |
|  system_i/zynq_ultra_ps_e_0/inst/pl_clk0 | system_i/axi_smc/inst/s00_entry_pipeline/s00_si_converter/inst/gen_axilite_conv.axilite_conv_inst/m_aruser[0]                                                      | system_i/axi_smc/inst/s00_entry_pipeline/s00_si_converter/inst/areset                                                                                 |               21 |             55 |         2.62 |
|  system_i/zynq_ultra_ps_e_0/inst/pl_clk0 |                                                                                                                                                                    |                                                                                                                                                       |               36 |            113 |         3.14 |
+------------------------------------------+--------------------------------------------------------------------------------------------------------------------------------------------------------------------+-------------------------------------------------------------------------------------------------------------------------------------------------------+------------------+----------------+--------------+


