#-----------------------------------------------------------
# Vivado v2025.2 (64-bit)
# SW Build 6299465 on Fri Nov 14 19:35:11 GMT 2025
# IP Build 6300035 on Fri Nov 14 10:48:45 MST 2025
# SharedData Build 6298862 on Thu Nov 13 04:50:51 MST 2025
# Start of session at: Fri Jan 30 18:20:22 2026
# Process ID         : 9192
# Current directory  : C:/Users/James/github/6g-pa-gan-dpd/fpga/zcu104_axi_test/zcu104_axi_test.runs/impl_1
# Command line       : vivado.exe -log system_wrapper.vdi -applog -product Vivado -messageDb vivado.pb -mode batch -source system_wrapper.tcl -notrace
# Log file           : C:/Users/James/github/6g-pa-gan-dpd/fpga/zcu104_axi_test/zcu104_axi_test.runs/impl_1/system_wrapper.vdi
# Journal file       : C:/Users/James/github/6g-pa-gan-dpd/fpga/zcu104_axi_test/zcu104_axi_test.runs/impl_1\vivado.jou
# Running On         : LAPTOP-H7062M33
# Platform           : Windows Server 2016 or Windows 10
# Operating System   : 26200
# Processor Detail   : AMD Ryzen 7 5800H with Radeon Graphics         
# CPU Frequency      : 3194 MHz
# CPU Physical cores : 8
# CPU Logical cores  : 16
# Host memory        : 16474 MB
# Swap memory        : 16847 MB
# Total Virtual      : 33321 MB
# Available Virtual  : 6626 MB
#-----------------------------------------------------------
source system_wrapper.tcl -notrace
